[assembly: System.Reflection.AssemblyMetadata("RepositoryUrl", "https://github.com/vbreuss/Mockerade.git")]
[assembly: System.Runtime.Versioning.TargetFramework(".NETStandard,Version=v2.0", FrameworkDisplayName=".NET Standard 2.0")]
namespace Mockerade.Checks
{
    public class CheckResult
    {
        public CheckResult(Mockerade.Checks.Invocation[] invocations) { }
        public Mockerade.Checks.Invocation[] Invocations { get; }
        public class Property<T>
        {
            public Property(Mockerade.Checks.IMockChecks mockInvocations, string propertyName) { }
            public Mockerade.Checks.CheckResult Getter() { }
            public Mockerade.Checks.CheckResult Setter(Mockerade.With.Parameter<T> value) { }
        }
    }
    public interface IMockChecks
    {
        bool IsAlreadyInvoked { get; }
        Mockerade.Checks.Invocation[] Method(string methodName, params Mockerade.With.Parameter[] parameters);
        Mockerade.Checks.Invocation[] PropertyGetter(string propertyName);
        Mockerade.Checks.Invocation[] PropertySetter(string propertyName, Mockerade.With.Parameter value);
    }
    public class Invocation
    {
        public Invocation() { }
    }
    public class MethodInvocation : Mockerade.Checks.Invocation
    {
        public MethodInvocation(string name, object?[] parameters) { }
        public string Name { get; }
        public object?[] Parameters { get; }
    }
    public class MockChecks<T> : Mockerade.Checks.IMockChecks
    {
        public MockChecks() { }
        public System.Collections.Generic.IReadOnlyList<Mockerade.Checks.Invocation> Invocations { get; }
        public class Proxy : Mockerade.Checks.MockChecks<T>, Mockerade.Checks.IMockChecks
        {
            public Proxy(Mockerade.Checks.IMockChecks inner) { }
        }
    }
    public class PropertyGetterInvocation : Mockerade.Checks.Invocation
    {
        public PropertyGetterInvocation(string propertyName) { }
        public string Name { get; }
    }
    public class PropertySetterInvocation : Mockerade.Checks.Invocation
    {
        public PropertySetterInvocation(string propertyName, object? value) { }
        public string Name { get; }
        public object? Value { get; }
    }
}
namespace Mockerade.Events
{
    public interface IMockRaises
    {
        void AddEvent(string name, object? target, System.Reflection.MethodInfo? method);
        void Raise(string eventName, params object?[] parameters);
        void RemoveEvent(string name, object? target, System.Reflection.MethodInfo? method);
    }
    public class MockRaises<T> : Mockerade.Events.IMockRaises
    {
        public MockRaises(Mockerade.Setup.IMockSetup setup) { }
    }
}
namespace Mockerade.Exceptions
{
    public abstract class MockException : System.Exception
    {
        protected MockException(string message) { }
        protected MockException(string message, System.Exception innerException) { }
    }
    public class MockNotSetupException : Mockerade.Exceptions.MockException
    {
        public MockNotSetupException(string message) { }
        public MockNotSetupException(string message, System.Exception innerException) { }
    }
}
namespace Mockerade
{
    public interface IMock
    {
        Mockerade.Checks.IMockChecks Check { get; }
        Mockerade.Events.IMockRaises Raise { get; }
        Mockerade.Setup.IMockSetup Setup { get; }
        Mockerade.Setup.MethodSetupResult Execute(string methodName, params object?[] parameters);
        Mockerade.Setup.MethodSetupResult<TResult> Execute<TResult>(string methodName, params object?[] parameters);
        TResult Get<TResult>(string propertyName);
        void Set(string propertyName, object? value);
    }
    public class MockBehavior : System.IEquatable<Mockerade.MockBehavior>
    {
        public MockBehavior() { }
        public Mockerade.MockBehavior.IDefaultValueGenerator DefaultValueGenerator { get; init; }
        public bool ThrowWhenNotSetup { get; init; }
        public static Mockerade.MockBehavior Default { get; }
        public interface IDefaultValueGenerator
        {
            T Generate<T>();
        }
    }
    public abstract class Mock<T> : Mockerade.IMock
    {
        protected Mock(Mockerade.MockBehavior behavior) { }
        public Mockerade.MockBehavior Behavior { get; }
        public Mockerade.Checks.MockChecks<T> Check { get; }
        public abstract T Object { get; }
        public Mockerade.Events.MockRaises<T> Raise { get; }
        public Mockerade.Setup.MockSetups<T> Setup { get; }
        public static T op_Implicit(Mockerade.Mock<T> mock) { }
    }
    public abstract class Mock<T, T2> : Mockerade.Mock<T>
    {
        protected Mock(Mockerade.MockBehavior behavior) { }
    }
    public static class With
    {
        public static Mockerade.With.Parameter<T> Any<T>() { }
        public static Mockerade.With.Parameter<T> Matching<T>(System.Func<T, bool> predicate) { }
        public static Mockerade.With.InvocationOutParameter<T> Out<T>() { }
        public static Mockerade.With.OutParameter<T> Out<T>(System.Func<T> setter) { }
        public static Mockerade.With.InvocationRefParameter<T> Ref<T>() { }
        public static Mockerade.With.RefParameter<T> Ref<T>(System.Func<T, T> setter) { }
        public static Mockerade.With.RefParameter<T> Ref<T>(System.Func<T, bool> predicate, System.Func<T, T> setter) { }
        public class InvocationOutParameter<T> : Mockerade.With.Parameter
        {
            public InvocationOutParameter() { }
            public override bool Matches(object? value) { }
        }
        public class InvocationRefParameter<T> : Mockerade.With.Parameter
        {
            public InvocationRefParameter() { }
            public override bool Matches(object? value) { }
        }
        public class NamedParameter : System.IEquatable<Mockerade.With.NamedParameter>
        {
            public NamedParameter(string Name, Mockerade.With.Parameter Parameter) { }
            public string Name { get; init; }
            public Mockerade.With.Parameter Parameter { get; init; }
        }
        public class OutParameter<T> : Mockerade.With.Parameter
        {
            public OutParameter(System.Func<T> setter) { }
            public override bool Matches(object? value) { }
        }
        public abstract class Parameter
        {
            protected Parameter() { }
            public abstract bool Matches(object? value);
        }
        public abstract class Parameter<T> : Mockerade.With.Parameter
        {
            protected Parameter() { }
            protected abstract bool Matches(T value);
            public override bool Matches(object? value) { }
            public static Mockerade.With.Parameter<T> op_Implicit(T value) { }
        }
        public class RefParameter<T> : Mockerade.With.Parameter
        {
            public RefParameter(System.Func<T, bool> predicate, System.Func<T, T> setter) { }
            public override bool Matches(object? value) { }
        }
    }
}
namespace Mockerade.Setup
{
    public interface IMethodSetup
    {
        int InvocationCount { get; }
        bool Matches(Mockerade.Checks.Invocation invocation);
    }
    public interface IMockSetup
    {
        Mockerade.IMock Mock { get; }
        void AddEvent(string eventName, object? target, System.Reflection.MethodInfo method);
        System.Collections.Generic.IEnumerable<System.ValueTuple<object?, System.Reflection.MethodInfo>> GetEventHandlers(string eventName);
        void RegisterMethod(Mockerade.Setup.MethodSetup methodSetup);
        void RegisterProperty(string propertyName, Mockerade.Setup.PropertySetup propertySetup);
        void RemoveEvent(string eventName, object? target, System.Reflection.MethodInfo method);
    }
    public abstract class MethodSetup : Mockerade.Setup.IMethodSetup
    {
        protected MethodSetup() { }
        protected abstract void ExecuteCallback(Mockerade.Checks.Invocation invocation);
        protected abstract TResult GetReturnValue<TResult>(Mockerade.Checks.Invocation invocation, Mockerade.MockBehavior behavior);
        protected abstract bool IsMatch(Mockerade.Checks.Invocation invocation);
        protected abstract T SetOutParameter<T>(string parameterName, Mockerade.MockBehavior behavior);
        protected abstract T SetRefParameter<T>(string parameterName, Mockerade.MockBehavior behavior, T value);
    }
    public class MethodSetupResult
    {
        public MethodSetupResult(Mockerade.Setup.MethodSetup? setup, Mockerade.MockBehavior behavior) { }
        public T SetOutParameter<T>(string parameterName) { }
        public T SetRefParameter<T>(string parameterName, T value) { }
    }
    public class MethodSetupResult<TResult> : Mockerade.Setup.MethodSetupResult
    {
        public MethodSetupResult(Mockerade.Setup.MethodSetup? setup, Mockerade.MockBehavior behavior, TResult result) { }
        public TResult Result { get; }
    }
    public class MethodWithReturnValueSetup<TReturn> : Mockerade.Setup.MethodSetup
    {
        public MethodWithReturnValueSetup(string name) { }
        public Mockerade.Setup.MethodWithReturnValueSetup<TReturn> Callback(System.Action callback) { }
        protected override void ExecuteCallback(Mockerade.Checks.Invocation invocation) { }
        protected override TResult GetReturnValue<TResult>(Mockerade.Checks.Invocation invocation, Mockerade.MockBehavior behavior) { }
        protected override bool IsMatch(Mockerade.Checks.Invocation invocation) { }
        public Mockerade.Setup.MethodWithReturnValueSetup<TReturn> Returns(System.Func<TReturn> callback) { }
        public Mockerade.Setup.MethodWithReturnValueSetup<TReturn> Returns(TReturn returnValue) { }
        protected override T SetOutParameter<T>(string parameterName, Mockerade.MockBehavior behavior) { }
        protected override T SetRefParameter<T>(string parameterName, Mockerade.MockBehavior behavior, T value) { }
    }
    public class MethodWithReturnValueSetup<TReturn, T1> : Mockerade.Setup.MethodSetup
    {
        public MethodWithReturnValueSetup(string name, Mockerade.With.NamedParameter match1) { }
        public Mockerade.Setup.MethodWithReturnValueSetup<TReturn, T1> Callback(System.Action callback) { }
        public Mockerade.Setup.MethodWithReturnValueSetup<TReturn, T1> Callback(System.Action<T1> callback) { }
        protected override void ExecuteCallback(Mockerade.Checks.Invocation invocation) { }
        protected override TResult GetReturnValue<TResult>(Mockerade.Checks.Invocation invocation, Mockerade.MockBehavior behavior) { }
        protected override bool IsMatch(Mockerade.Checks.Invocation invocation) { }
        public Mockerade.Setup.MethodWithReturnValueSetup<TReturn, T1> Returns(System.Func<TReturn> callback) { }
        public Mockerade.Setup.MethodWithReturnValueSetup<TReturn, T1> Returns(System.Func<T1, TReturn> callback) { }
        public Mockerade.Setup.MethodWithReturnValueSetup<TReturn, T1> Returns(TReturn returnValue) { }
        protected override T SetOutParameter<T>(string parameterName, Mockerade.MockBehavior behavior) { }
        protected override T SetRefParameter<T>(string parameterName, Mockerade.MockBehavior behavior, T value) { }
    }
    public class MethodWithReturnValueSetup<TReturn, T1, T2> : Mockerade.Setup.MethodSetup
    {
        public MethodWithReturnValueSetup(string name, Mockerade.With.NamedParameter match1, Mockerade.With.NamedParameter match2) { }
        public Mockerade.Setup.MethodWithReturnValueSetup<TReturn, T1, T2> Callback(System.Action callback) { }
        public Mockerade.Setup.MethodWithReturnValueSetup<TReturn, T1, T2> Callback(System.Action<T1, T2> callback) { }
        protected override void ExecuteCallback(Mockerade.Checks.Invocation invocation) { }
        protected override TResult GetReturnValue<TResult>(Mockerade.Checks.Invocation invocation, Mockerade.MockBehavior behavior) { }
        protected override bool IsMatch(Mockerade.Checks.Invocation invocation) { }
        public Mockerade.Setup.MethodWithReturnValueSetup<TReturn, T1, T2> Returns(System.Func<TReturn> callback) { }
        public Mockerade.Setup.MethodWithReturnValueSetup<TReturn, T1, T2> Returns(System.Func<T1, T2, TReturn> callback) { }
        public Mockerade.Setup.MethodWithReturnValueSetup<TReturn, T1, T2> Returns(TReturn returnValue) { }
        protected override T SetOutParameter<T>(string parameterName, Mockerade.MockBehavior behavior) { }
        protected override T SetRefParameter<T>(string parameterName, Mockerade.MockBehavior behavior, T value) { }
    }
    public class MethodWithoutReturnValueSetup : Mockerade.Setup.MethodSetup
    {
        public MethodWithoutReturnValueSetup(string name) { }
        public Mockerade.Setup.MethodWithoutReturnValueSetup Callback(System.Action callback) { }
        protected override void ExecuteCallback(Mockerade.Checks.Invocation invocation) { }
        protected override TResult GetReturnValue<TResult>(Mockerade.Checks.Invocation invocation, Mockerade.MockBehavior behavior) { }
        protected override bool IsMatch(Mockerade.Checks.Invocation invocation) { }
        protected override T SetOutParameter<T>(string parameterName, Mockerade.MockBehavior behavior) { }
        protected override T SetRefParameter<T>(string parameterName, Mockerade.MockBehavior behavior, T value) { }
    }
    public class MethodWithoutReturnValueSetup<T1> : Mockerade.Setup.MethodSetup
    {
        public MethodWithoutReturnValueSetup(string name, Mockerade.With.NamedParameter match1) { }
        public Mockerade.Setup.MethodWithoutReturnValueSetup<T1> Callback(System.Action callback) { }
        public Mockerade.Setup.MethodWithoutReturnValueSetup<T1> Callback(System.Action<T1> callback) { }
        protected override void ExecuteCallback(Mockerade.Checks.Invocation invocation) { }
        protected override TResult GetReturnValue<TResult>(Mockerade.Checks.Invocation invocation, Mockerade.MockBehavior behavior) { }
        protected override bool IsMatch(Mockerade.Checks.Invocation invocation) { }
        protected override T SetOutParameter<T>(string parameterName, Mockerade.MockBehavior behavior) { }
        protected override T SetRefParameter<T>(string parameterName, Mockerade.MockBehavior behavior, T value) { }
    }
    public class MethodWithoutReturnValueSetup<T1, T2> : Mockerade.Setup.MethodSetup
    {
        public MethodWithoutReturnValueSetup(string name, Mockerade.With.NamedParameter match1, Mockerade.With.NamedParameter match2) { }
        public Mockerade.Setup.MethodWithoutReturnValueSetup<T1, T2> Callback(System.Action callback) { }
        public Mockerade.Setup.MethodWithoutReturnValueSetup<T1, T2> Callback(System.Action<T1, T2> callback) { }
        protected override void ExecuteCallback(Mockerade.Checks.Invocation invocation) { }
        protected override TResult GetReturnValue<TResult>(Mockerade.Checks.Invocation invocation, Mockerade.MockBehavior behavior) { }
        protected override bool IsMatch(Mockerade.Checks.Invocation invocation) { }
        protected override T SetOutParameter<T>(string parameterName, Mockerade.MockBehavior behavior) { }
        protected override T SetRefParameter<T>(string parameterName, Mockerade.MockBehavior behavior, T value) { }
    }
    public class MockSetups<T> : Mockerade.Setup.IMockSetup
    {
        public MockSetups(Mockerade.IMock mock) { }
        public class Proxy : Mockerade.Setup.MockSetups<T>, Mockerade.Setup.IMockSetup
        {
            public Proxy(Mockerade.Setup.IMockSetup inner) { }
        }
    }
    public abstract class PropertySetup
    {
        protected PropertySetup() { }
        public int GetterInvocationCount { get; }
        public int SetterInvocationCount { get; }
        protected abstract TResult InvokeGetter<TResult>();
        protected abstract void InvokeSetter(object? value);
    }
    public class PropertySetup<T> : Mockerade.Setup.PropertySetup
    {
        public PropertySetup() { }
        public Mockerade.Setup.PropertySetup<T> InitializeWith(T value) { }
        protected override TResult InvokeGetter<TResult>() { }
        protected override void InvokeSetter(object? value) { }
        public Mockerade.Setup.PropertySetup<T> OnGet(System.Action callback) { }
        public Mockerade.Setup.PropertySetup<T> OnSet(System.Action<T> callback) { }
    }
}